Inside action: 30
